[andreaazzola.com/index.html]
[andreaazzola.com/images/favicon.png]
[code.jquery.com/jquery-3.1.1.slim.min.js]
[maxcdn.bootstrapcdn.com/bootstrap/3.3.7/css/bootstrap.min.css]
[maxcdn.bootstrapcdn.com/bootstrap/3.3.7/css/bootstrap-theme.min.css]
[maxcdn.bootstrapcdn.com/bootstrap/3.3.7/js/bootstrap.min.js]
[andreaazzola.com/App_Themes/Ichigo/languages.min.css]
[andreaazzola.com/App_Themes/Ichigo/StyleSheet.css]
[backblue.gif]
[fade.gif]
[index.html]
[andreaazzola.com/WebResourcebd7d.js]
[andreaazzola.com/ScriptResource09fd.js]
[andreaazzola.com/ScriptResource3c0a.js]
[andreaazzola.com/ScriptResource7bd5.js]
[andreaazzola.com/contact.html]
[andreaazzola.com/images/AndreaAzzola_Website200x200.png]
[andreaazzola.com/category.html]
[andreaazzola.com/about/index.html]
[andreaazzola.com/articles/index.html]
[andreaazzola.com/books/index.html]
[andreaazzola.com/Scripts/async.js]
[andreaazzola.com/contact/index.html]
[andreaazzola.com/Scripts/cookiechoices.js]
[andreaazzola.com/index.html]
[andreaazzola.com/login/index.html]
[andreaazzola.com/category/books/index.html]
[www.googletagmanager.com/gtm5445.html]
[andreaazzola.com/category/decision-fatigue/index.html]
[andreaazzola.com/category/diet/index.html]
[maxcdn.bootstrapcdn.com/bootstrap/3.3.7/css/bootstrap.min.css]
[andreaazzola.com/category/extreme-saving/index.html]
[andreaazzola.com/category/finance/index.html]
[andreaazzola.com/category/financial-independence/index.html]
[maxcdn.bootstrapcdn.com/bootstrap/3.3.7/css/bootstrap-theme.min.css]
[andreaazzola.com/category/fitness/index.html]
[andreaazzola.com/category/gears/index.html]
[andreaazzola.com/category/goal-setting/index.html]
[andreaazzola.com/category/geo-arbitrage/index.html]
[andreaazzola.com/category/nutrition/index.html]
[andreaazzola.com/App_Themes/Ichigo/languages.png]
[andreaazzola.com/category/personal-branding/index.html]
[andreaazzola.com/category/personal-development/index.html]
[andreaazzola.com/App_Themes/Ichigo/languages.min.css]
[andreaazzola.com/category/productivity/index.html]
[andreaazzola.com/App_Themes/Ichigo/StyleSheet.css]
[andreaazzola.com/category/time-management/index.html]
[andreaazzola.com/WebResourcebd7d.js]
[andreaazzola.com/ScriptResource09fd.js]
[andreaazzola.com/ScriptResource3c0a.js]
[andreaazzola.com/ScriptResource7bd5.js]
[andreaazzola.com/contact.html]
[andreaazzola.com/images/social/twitter.svg]
[andreaazzola.com/images/social/linkedin.svg]
[andreaazzola.com/images/social/facebook.svg]
[andreaazzola.com/images/social/pinterest.svg]
[andreaazzola.com/images/social/instagram.svg]
[andreaazzola.com/about/index.html]
[andreaazzola.com/articles/index.html]
[andreaazzola.com/saving-traditional-wet-shaving/index.html]
[andreaazzola.com/images/books/essentialism-disciplined-pursuit-greg-mckeown_150.png]
[andreaazzola.com/review-10x-rule-grant-cardone/index.html]
[andreaazzola.com/downsizing-home-and-earn-time-money/index.html]
[andreaazzola.com/robo-advisor-digital-portfolio-investing/index.html]
[andreaazzola.com/images/books/how-win-friends-influence-people_150.png]
[andreaazzola.com/meal-prep-pouches-quick-easy/index.html]
[andreaazzola.com/intermittent-fasting-diet-benefits/index.html]
[andreaazzola.com/images/books/job-free-achieve-financial-freedom_150.png]
[andreaazzola.com/feed/index.html]
[andreaazzola.com/what-is-geo-arbitrage/index.html]
[andreaazzola.com/images/books/happiness-advantage-principles-psychology-performance-ebook_150.png]
[andreaazzola.com/goal-blindness-goalodicy/index.html]
[andreaazzola.com/images/books/ego-enemy-ryan-holiday_150.png]
[andreaazzola.com/waking-up-early-get-things-done/index.html]
[andreaazzola.com/category/books.html]
[andreaazzola.com/path-to-financial-independence/index.html]
[andreaazzola.com/books/index.html]
[andreaazzola.com/getupandcode-podcast-review/index.html]
[andreaazzola.com/aspnet-vnext-mac-os-omnisharp-kulture/index.html]
[andreaazzola.com/contact/index.html]
[andreaazzola.com/luck-surface-area/index.html]
[andreaazzola.com/ergodox-ergonomic-keyboard-review/index.html]
[andreaazzola.com/login/index.html]
[andreaazzola.com/personal-branding-introduction/index.html]
[andreaazzola.com/logging-nlog-sqlite/index.html]
[andreaazzola.com/review-filco-majestouch2-tenkeyless-ninja/index.html]
[andreaazzola.com/category.html]
[andreaazzola.com/mavensmate-unable-github-windows/index.html]
[andreaazzola.com/search-email-inbox-csharp/index.html]
[andreaazzola.com/pomodoro-apps/index.html]
[andreaazzola.com/category/books/index.html]
[andreaazzola.com/human-multitasking/index.html]
[andreaazzola.com/javascript-date-handling-format/index.html]
[andreaazzola.com/category/decision-fatigue/index.html]
[andreaazzola.com/ichigo-asp-net-blogging-engine/index.html]
[andreaazzola.com/category/diet/index.html]
[andreaazzola.com/salesforce-backup-organization-svn-git/index.html]
[andreaazzola.com/table-size-space-sql-server/index.html]
[andreaazzola.com/havisi-magic-emi/index.html]
[andreaazzola.com/salesforce-debug-log-apex/index.html]
[andreaazzola.com/requiredfieldvalidator-radcombobox/index.html]
[andreaazzola.com/category/extreme-saving/index.html]
[andreaazzola.com/future-count-apex/index.html]
[andreaazzola.com/transform-sentence-slug-js/index.html]
[andreaazzola.com/remix-nanni-hannibal-invasion/index.html]
[andreaazzola.com/set-september-2010/index.html]
[andreaazzola.com/category/finance/index.html]
[andreaazzola.com/set-june-2010/index.html]
[andreaazzola.com/web-service-reference-vs/index.html]
[andreaazzola.com/category/financial-independence/index.html]
[andreaazzola.com/set-april-2010/index.html]
[andreaazzola.com/category/fitness/index.html]
[andreaazzola.com/log-http-requests/index.html]
[andreaazzola.com/set-february-2010/index.html]
[andreaazzola.com/seo-asp-net-routing/index.html]
[andreaazzola.com/category/gears/index.html]
[andreaazzola.com/asus-eeepc-1201ha/index.html]
[andreaazzola.com/remix-francois-le-roy-mosquito/index.html]
[andreaazzola.com/call-async-method/index.html]
[andreaazzola.com/category/geo-arbitrage/index.html]
[andreaazzola.com/post-data-js/index.html]
[andreaazzola.com/set-november-2009/index.html]
[andreaazzola.com/sennheiser-hd-25-review/index.html]
[andreaazzola.com/category/goal-setting/index.html]
[andreaazzola.com/js-notification-panel-gmail/index.html]
[andreaazzola.com/get-radio-checked-js/index.html]
[andreaazzola.com/category/nutrition/index.html]
[andreaazzola.com/clean-sp-cache-sql-server/index.html]
[andreaazzola.com/multiple-columns-dynamic-data/index.html]
[andreaazzola.com/upload-large-files-asp-net/index.html]
[andreaazzola.com/category/personal-branding/index.html]
[andreaazzola.com/check-metamodel-existence-dynamic-data-application/index.html]
[andreaazzola.com/consuming-net-web-services-using-php-nusoap/index.html]
[andreaazzola.com/category/personal-development/index.html]
[andreaazzola.com/using-ajax-modalpopup-targetcontrol/index.html]
[andreaazzola.com/set-connectionstring-runtime-dynamicdata/index.html]
[andreaazzola.com/category/big-data/index.html]
[andreaazzola.com/category/decluttering/index.html]
[andreaazzola.com/issues-ajax-custom-httpmodule/index.html]
[andreaazzola.com/category/productivity/index.html]
[andreaazzola.com/category/entrepreneurship/index.html]
[andreaazzola.com/category/goalodicy/index.html]
[andreaazzola.com/category/ergonomic/index.html]
[andreaazzola.com/category/time-management/index.html]
[andreaazzola.com/category/seo/index.html]
[andreaazzola.com/category/meal-prep/index.html]
[www.google-analytics.com/analytics.js]
[apis.google.com/js/plusone3083.js]
[andreaazzola.com/Scripts/async.js]
[andreaazzola.com/Scripts/cookiechoices.js]
[andreaazzola.com/POST.html]
[andreaazzola.com/Firefox/index.html]
[andreaazzola.com/AppleWebKit/index.html]
[andreaazzola.com/Opera/index.html]
[andreaazzola.com/MicrosoftAjaxWebForms.html]
[andreaazzola.com/MicrosoftAjaxSerialization.html]
[andreaazzola.com/MicrosoftAjaxNetwork.html]
[andreaazzola.com/it/risparmio-rasatura-tradizionale/index.html]
[andreaazzola.com/category/extreme-saving.html]
[andreaazzola.com/saving-traditional-wet-shaving/index.html]
[andreaazzola.com/it/recensione-10x-rule-grant-cardone/index.html]
[andreaazzola.com/category/entrepreneurship.html]
[andreaazzola.com/category/goal-setting.html]
[andreaazzola.com/category/personal-development.html]
[andreaazzola.com/review-10x-rule-grant-cardone/index.html]
[andreaazzola.com/it/downsizing-ridimensionamento-casa/index.html]
[andreaazzola.com/category/financial-independence.html]
[andreaazzola.com/category/finance.html]
[andreaazzola.com/category/decluttering.html]
[andreaazzola.com/downsizing-home-and-earn-time-money/index.html]
[andreaazzola.com/robo-advisor-digital-portfolio-investing/index.html]
[andreaazzola.com/it/robo-advisor-consulenza-per-investire/index.html]
[andreaazzola.com/it/preparazione-pasti-sacchetti-facile-veloce/index.html]
[andreaazzola.com/category/nutrition.html]
[andreaazzola.com/category/fitness.html]
[andreaazzola.com/category/diet.html]
[andreaazzola.com/category/productivity.html]
[andreaazzola.com/category/meal-prep.html]
[andreaazzola.com/meal-prep-pouches-quick-easy/index.html]
[andreaazzola.com/intermittent-fasting-diet-benefits/index.html]
[andreaazzola.com/it/dieta-digiuno-intermittente/index.html]
[andreaazzola.com/it/geo-arbitrage/index.html]
[andreaazzola.com/category/geo-arbitrage.html]
[andreaazzola.com/what-is-geo-arbitrage/index.html]
[andreaazzola.com/it/goalodicy-obiettivo-distruttivo/index.html]
[andreaazzola.com/category/goalodicy.html]
[andreaazzola.com/goal-blindness-goalodicy/index.html]
[andreaazzola.com/it/svegliarsi-presto-mattina-come-perche/index.html]
[andreaazzola.com/category/decision-fatigue.html]
[andreaazzola.com/waking-up-early-get-things-done/index.html]
[andreaazzola.com/path-to-financial-independence/index.html]
[andreaazzola.com/getupandcode-podcast-review/index.html]
[andreaazzola.com/it/indipendenza-finanziaria-la-strada/index.html]
[andreaazzola.com/it/luck-surface-area/index.html]
[andreaazzola.com/personal-branding-introduction.html]
[andreaazzola.com/luck-surface-area/index.html]
[andreaazzola.com/category/personal-branding.html]
[andreaazzola.com/Scripts/highlight.js/styles/default.css]
[andreaazzola.com/it/aspnet-vnext-mac-os-omnisharp-kulture/index.html]
[andreaazzola.com/images/posts/aspnet_sublime_pkgmng_kulture.png]
[andreaazzola.com/images/posts/aspnet_sublime_pkgmng_omnisharp.png]
[andreaazzola.com/Scripts/highlight.js/highlight.pack.js]
[andreaazzola.com/aspnet-vnext-mac-os-omnisharp-kulture/index.html]
[andreaazzola.com/Images/posts/ergodox_side.jpg]
[andreaazzola.com/Images/posts/ergodox_front.jpg]
[andreaazzola.com/Images/posts/ergodox_aerial.jpg]
[andreaazzola.com/Images/posts/ergodox_connectivity.jpg]
[andreaazzola.com/category/ergonomic.html]
[andreaazzola.com/ergodox-ergonomic-keyboard-review/index.html]
[andreaazzola.com/personal-branding-introduction/index.html]
[andreaazzola.com/it/introduzione-personal-branding/index.html]
[andreaazzola.com/images/posts/filcomajestouch_side.jpg]
[andreaazzola.com/images/posts/filcomajestouch_back.jpg]
[andreaazzola.com/images/posts/filcomajestouch_foot.jpg]
[andreaazzola.com/images/posts/filcomajestouch_lights.jpg]
[andreaazzola.com/images/posts/filcomajestouch_workstation.jpg]
[andreaazzola.com/review-filco-majestouch2-tenkeyless-ninja/index.html]
[andreaazzola.com/Images/posts/nlogsqlite_love.png]
[andreaazzola.com/it/logging-nlog-sqlite/index.html]
[andreaazzola.com/Images/posts/nlogsqlite_nlog.png]
[andreaazzola.com/Images/posts/nlogsqlite_sqlite.png]
[andreaazzola.com/Images/posts/nlogsqlite_nlog-cfg.png]
[andreaazzola.com/logging-nlog-sqlite/index.html]
[andreaazzola.com/mavensmate-unable-github-windows/index.html]
[andreaazzola.com/search-email-inbox-csharp/index.html]
[andreaazzola.com/Images/posts/pomodoro_pomodairo.png]
[andreaazzola.com/Images/posts/pomodoro_pomodairo-collapsed.png]
[andreaazzola.com/Images/posts/pomodoro_focusbooster.png]
[andreaazzola.com/Images/posts/pomodoro_focusbooster-collapsed.png]
[andreaazzola.com/Images/posts/pomodoro_tomighty-windows.png]
[andreaazzola.com/Images/posts/pomodoro_tomighty-mac.png]
[andreaazzola.com/category/time-management.html]
[andreaazzola.com/pomodoro-apps/index.html]
[andreaazzola.com/it/multitasking-umano/index.html]
[andreaazzola.com/human-multitasking/index.html]
[andreaazzola.com/javascript-date-handling-format/index.html]
[andreaazzola.com/ichigo-asp-net-blogging-engine/index.html]
[andreaazzola.com/salesforce-backup-organization-svn-git/index.html]
[andreaazzola.com/table-size-space-sql-server/index.html]
[andreaazzola.com/salesforce-debug-log-apex/index.html]
[andreaazzola.com/havisi-magic-emi/index.html]
[andreaazzola.com/future-count-apex/index.html]
[andreaazzola.com/requiredfieldvalidator-radcombobox/index.html]
[andreaazzola.com/transform-sentence-slug-js/index.html]
[andreaazzola.com/remix-nanni-hannibal-invasion/index.html]
[andreaazzola.com/set-september-2010/index.html]
[andreaazzola.com/set-june-2010/index.html]
[andreaazzola.com/web-service-reference-vs/index.html]
[andreaazzola.com/log-http-requests/index.html]
[andreaazzola.com/set-april-2010/index.html]
[andreaazzola.com/set-february-2010/index.html]
[andreaazzola.com/category/seo.html]
[andreaazzola.com/seo-asp-net-routing/index.html]
[andreaazzola.com/category/gears.html]
[andreaazzola.com/asus-eeepc-1201ha/index.html]
[andreaazzola.com/remix-francois-le-roy-mosquito/index.html]
[andreaazzola.com/set-november-2009/index.html]
[andreaazzola.com/call-async-method/index.html]
[andreaazzola.com/post-data-js/index.html]
[andreaazzola.com/images/posts/sennheiser-hd-25-review.jpg]
[andreaazzola.com/sennheiser-hd-25-review/index.html]
[andreaazzola.com/js-notification-panel-gmail/index.html]
[andreaazzola.com/get-radio-checked-js/index.html]
[andreaazzola.com/clean-sp-cache-sql-server/index.html]
[andreaazzola.com/multiple-columns-dynamic-data/index.html]
[andreaazzola.com/it/javascript-submit-post-form-data/index.html]
[andreaazzola.com/upload-large-files-asp-net/index.html]
[andreaazzola.com/check-metamodel-existence-dynamic-data-application/index.html]
[andreaazzola.com/set-connectionstring-runtime-dynamicdata/index.html]
[andreaazzola.com/consuming-net-web-services-using-php-nusoap/index.html]
[andreaazzola.com/using-ajax-modalpopup-targetcontrol/index.html]
[andreaazzola.com/issues-ajax-custom-httpmodule/index.html]
[andreaazzola.com/category/books.html]
[andreaazzola.com/category/big-data/index.html]
[andreaazzola.com/category/decluttering/index.html]
[andreaazzola.com/category/entrepreneurship/index.html]
[andreaazzola.com/category/ergonomic/index.html]
[andreaazzola.com/category/goalodicy/index.html]
[andreaazzola.com/category/meal-prep/index.html]
[andreaazzola.com/category/seo/index.html]
[andreaazzola.com/it/risparmio-rasatura-tradizionale/index.html]
[andreaazzola.com/resourceaa5a.html]
[andreaazzola.com/category/extreme-saving.html]
[andreaazzola.com/it/recensione-10x-rule-grant-cardone/index.html]
[andreaazzola.com/resource0827.html]
[andreaazzola.com/category/entrepreneurship.html]
[andreaazzola.com/category/goal-setting.html]
[andreaazzola.com/category/personal-development.html]
[andreaazzola.com/it/downsizing-ridimensionamento-casa/index.html]
[andreaazzola.com/resourcef2b3.html]
[andreaazzola.com/category/financial-independence.html]
[andreaazzola.com/category/finance.html]
[andreaazzola.com/category/decluttering.html]
[andreaazzola.com/it/robo-advisor-consulenza-per-investire/index.html]
[andreaazzola.com/resource0703.html]
[andreaazzola.com/out/moneyfarm/index.html]
[andreaazzola.com/it/preparazione-pasti-sacchetti-facile-veloce/index.html]
[andreaazzola.com/resource85f6.html]
[andreaazzola.com/resource6eb9.html]
[andreaazzola.com/resourceecb9.html]
[andreaazzola.com/resourceb4cd.html]
[andreaazzola.com/resource6a7b.html]
[andreaazzola.com/category/nutrition.html]
[andreaazzola.com/category/fitness.html]
[andreaazzola.com/category/diet.html]
[andreaazzola.com/category/productivity.html]
[andreaazzola.com/category/meal-prep.html]
[andreaazzola.com/it/dieta-digiuno-intermittente/index.html]
[andreaazzola.com/resource7ee8.html]
[andreaazzola.com/it/geo-arbitrage/index.html]
[andreaazzola.com/resource7e60.html]
[andreaazzola.com/category/geo-arbitrage.html]
[andreaazzola.com/it/goalodicy-obiettivo-distruttivo/index.html]
[andreaazzola.com/resourced02e.html]
[andreaazzola.com/category/goalodicy.html]
[andreaazzola.com/it/svegliarsi-presto-mattina-come-perche/index.html]
[andreaazzola.com/resource104f.html]
[andreaazzola.com/category/decision-fatigue.html]
[andreaazzola.com/it/indipendenza-finanziaria-la-strada/index.html]
[andreaazzola.com/resource1695.html]
[andreaazzola.com/resource3f03.html]
[andreaazzola.com/it/luck-surface-area/index.html]
[andreaazzola.com/resourceec01.html]
[andreaazzola.com/personal-branding-introduction.html]
[andreaazzola.com/category/personal-branding.html]
[andreaazzola.com/it/aspnet-vnext-mac-os-omnisharp-kulture/index.html]
[andreaazzola.com/Scripts/highlight.js/styles/default.css]
[andreaazzola.com/category/salesforcecom.html]
[andreaazzola.com/images/posts/aspnet_sublime_helloweb.html]
[andreaazzola.com/Scripts/highlight.js/highlight.pack.js]
[andreaazzola.com/category/ergonomic.html]
[andreaazzola.com/it/introduzione-personal-branding/index.html]
[andreaazzola.com/resource6e6a.html]
[andreaazzola.com/category/ninja.html]
[andreaazzola.com/it/logging-nlog-sqlite/index.html]
[andreaazzola.com/resource204d.html]
[andreaazzola.com/category/time-management.html]
[andreaazzola.com/it/multitasking-umano/index.html]
[andreaazzola.com/resourcef5d5.html]
[andreaazzola.com/category/javascript.html]
[andreaazzola.com/category/seo.html]
[andreaazzola.com/resource7acd.html]
[andreaazzola.com/category/gears.html]
[andreaazzola.com/it/javascript-submit-post-form-data/index.html]
